// Jest Snapshot v1, https://goo.gl/fbAQLP

exports[`App have to match snapshot 1`] = `null`;
